// Jest Snapshot v1, https://goo.gl/fbAQLP

exports[`ModalHeader to match snapshot [default] 1`] = `
<DocumentFragment>
  <div
    class="modal-header border-bottom-0 justify-content-center pb-0 px-4 pt-4"
  >
    <div
      class="modal-title font-weight-bold colored"
      id="modal-label"
    >
      Title
    </div>
    <button
      aria-label="Close"
      class="close m-0 p-0"
      data-dismiss="modal"
      type="button"
    >
      <svg
        fill="none"
        height="16"
        viewBox="0 0 17 16"
        width="17"
        xmlns="http://www.w3.org/2000/svg"
      >
        <rect
          fill="white"
          height="18.5414"
          transform="matrix(0.710644 -0.703551 0.710644 0.703551 0.500183 2.79541)"
          width="3.97315"
        />
        <rect
          fill="white"
          height="18.5414"
          transform="matrix(-0.710644 -0.703551 0.710644 -0.703552 3.32355 16)"
          width="3.97316"
        />
      </svg>
    </button>
  </div>
</DocumentFragment>
`;

exports[`ModalHeader to match snapshot [hide close icon] 1`] = `
<DocumentFragment>
  <div
    class="modal-header border-bottom-0 justify-content-center pb-0 px-4 pt-4"
  >
    <div
      class="modal-title font-weight-bold colored"
      id="modal-label"
    >
      Title
    </div>
  </div>
</DocumentFragment>
`;
