// Jest Snapshot v1, https://goo.gl/fbAQLP

exports[`AdminLayoutContainer to match snapshot 1`] = `
<DocumentFragment>
  <main
    class="px-4 mx-auto w-100 sites-list"
  >
    <main
      class="mb-4 pt-3 px-4 flex-grow-1 shifter-dashboard-main"
      role="main"
    >
      <h1>
        Hello
      </h1>
    </main>
  </main>
</DocumentFragment>
`;
