// Jest Snapshot v1, https://goo.gl/fbAQLP

exports[`FeaturedCard to match snapshot [column %p | item %p] 1`] = `
<DocumentFragment>
  <div
    class="shifter-guides"
  >
    <div
      class="container-fluid mb-4 pb-4 px-0 guides-list guides-list-lg"
    >
      <div
        class="row"
      >
        <div
          class="col-md-12"
        >
          <div
            class="pt-4 px-4 h-100 position-relative guide-list-item bg-white"
          >
            <h3
              class="mt-0 font-weight-bold guide-list-title"
            >
              Title
            </h3>
            <p
              class="mb-0 guide-list-excerpt"
            >
              excerpt
            </p>
            <div
              class="position-absolute guide-list-anchor"
            >
              <a
                class="px-3 py-0 rounded btn-bordered btn-smaller d-inline-flex align-items-center font-weight-bold btn btn-outline-primary"
                href="https://getshifter.io"
                rel="noopener"
                target="_blank"
              >
                Link
              </a>
            </div>
          </div>
        </div>
      </div>
    </div>
  </div>
</DocumentFragment>
`;
