// Jest Snapshot v1, https://goo.gl/fbAQLP

exports[`FeaturedCardColumn to match snapshot [column 0 | item 0] 1`] = `
<DocumentFragment>
  <div
    class="shifter-guides"
  >
    <div
      class="container-fluid mb-4 pb-4 px-0 guides-list guides-list-lg"
    >
      <div
        class="row"
      />
    </div>
  </div>
</DocumentFragment>
`;

exports[`FeaturedCardColumn to match snapshot [column 0 | item 5] 1`] = `
<DocumentFragment>
  <div
    class="shifter-guides"
  >
    <div
      class="container-fluid mb-4 pb-4 px-0 guides-list guides-list-lg"
    >
      <div
        class="row"
      >
        <div
          class="col-md-12"
        >
          <div
            class="pt-4 px-4 h-100 position-relative guide-list-item"
          >
            <h3
              class="mt-0 font-weight-bold guide-list-title"
            >
              Read the docs
            </h3>
            <div
              class="position-absolute guide-list-anchor"
            >
              <a
                class="px-3 py-0 rounded btn-bordered btn-smaller d-inline-flex align-items-center font-weight-bold btn btn-outline-primary"
                href="https://getshifter.io"
                rel="noopener"
                target="_blank"
              >
                Explore Shifter docs
              </a>
            </div>
          </div>
        </div>
        <div
          class="col-md-12"
        >
          <div
            class="pt-4 px-4 h-100 position-relative guide-list-item"
          >
            <h3
              class="mt-0 font-weight-bold guide-list-title"
            >
              Read the docs
            </h3>
            <div
              class="position-absolute guide-list-anchor"
            >
              <a
                class="px-3 py-0 rounded btn-bordered btn-smaller d-inline-flex align-items-center font-weight-bold btn btn-outline-primary"
                href="https://getshifter.io"
                rel="noopener"
                target="_blank"
              >
                Explore Shifter docs
              </a>
            </div>
          </div>
        </div>
        <div
          class="col-md-12"
        >
          <div
            class="pt-4 px-4 h-100 position-relative guide-list-item"
          >
            <h3
              class="mt-0 font-weight-bold guide-list-title"
            >
              Read the docs
            </h3>
            <div
              class="position-absolute guide-list-anchor"
            >
              <a
                class="px-3 py-0 rounded btn-bordered btn-smaller d-inline-flex align-items-center font-weight-bold btn btn-outline-primary"
                href="https://getshifter.io"
                rel="noopener"
                target="_blank"
              >
                Explore Shifter docs
              </a>
            </div>
          </div>
        </div>
        <div
          class="col-md-12"
        >
          <div
            class="pt-4 px-4 h-100 position-relative guide-list-item"
          >
            <h3
              class="mt-0 font-weight-bold guide-list-title"
            >
              Read the docs
            </h3>
            <div
              class="position-absolute guide-list-anchor"
            >
              <a
                class="px-3 py-0 rounded btn-bordered btn-smaller d-inline-flex align-items-center font-weight-bold btn btn-outline-primary"
                href="https://getshifter.io"
                rel="noopener"
                target="_blank"
              >
                Explore Shifter docs
              </a>
            </div>
          </div>
        </div>
        <div
          class="col-md-12"
        >
          <div
            class="pt-4 px-4 h-100 position-relative guide-list-item"
          >
            <h3
              class="mt-0 font-weight-bold guide-list-title"
            >
              Read the docs
            </h3>
            <div
              class="position-absolute guide-list-anchor"
            >
              <a
                class="px-3 py-0 rounded btn-bordered btn-smaller d-inline-flex align-items-center font-weight-bold btn btn-outline-primary"
                href="https://getshifter.io"
                rel="noopener"
                target="_blank"
              >
                Explore Shifter docs
              </a>
            </div>
          </div>
        </div>
      </div>
    </div>
  </div>
</DocumentFragment>
`;

exports[`FeaturedCardColumn to match snapshot [column 1 | item 1] 1`] = `
<DocumentFragment>
  <div
    class="shifter-guides"
  >
    <div
      class="container-fluid mb-4 pb-4 px-0 guides-list guides-list-lg"
    >
      <div
        class="row"
      >
        <div
          class="col-md-12"
        >
          <div
            class="pt-4 px-4 h-100 position-relative guide-list-item"
          >
            <h3
              class="mt-0 font-weight-bold guide-list-title"
            >
              Read the docs
            </h3>
            <div
              class="position-absolute guide-list-anchor"
            >
              <a
                class="px-3 py-0 rounded btn-bordered btn-smaller d-inline-flex align-items-center font-weight-bold btn btn-outline-primary"
                href="https://getshifter.io"
                rel="noopener"
                target="_blank"
              >
                Explore Shifter docs
              </a>
            </div>
          </div>
        </div>
      </div>
    </div>
  </div>
</DocumentFragment>
`;

exports[`FeaturedCardColumn to match snapshot [column 12 | item 12] 1`] = `
<DocumentFragment>
  <div
    class="shifter-guides"
  >
    <div
      class="container-fluid mb-4 pb-4 px-0 guides-list guides-list-lg"
    >
      <div
        class="row"
      >
        <div
          class="col-md-1"
        >
          <div
            class="pt-4 px-4 h-100 position-relative guide-list-item"
          >
            <h3
              class="mt-0 font-weight-bold guide-list-title"
            >
              Read the docs
            </h3>
            <div
              class="position-absolute guide-list-anchor"
            >
              <a
                class="px-3 py-0 rounded btn-bordered btn-smaller d-inline-flex align-items-center font-weight-bold btn btn-outline-primary"
                href="https://getshifter.io"
                rel="noopener"
                target="_blank"
              >
                Explore Shifter docs
              </a>
            </div>
          </div>
        </div>
        <div
          class="col-md-1"
        >
          <div
            class="pt-4 px-4 h-100 position-relative guide-list-item"
          >
            <h3
              class="mt-0 font-weight-bold guide-list-title"
            >
              Read the docs
            </h3>
            <div
              class="position-absolute guide-list-anchor"
            >
              <a
                class="px-3 py-0 rounded btn-bordered btn-smaller d-inline-flex align-items-center font-weight-bold btn btn-outline-primary"
                href="https://getshifter.io"
                rel="noopener"
                target="_blank"
              >
                Explore Shifter docs
              </a>
            </div>
          </div>
        </div>
        <div
          class="col-md-1"
        >
          <div
            class="pt-4 px-4 h-100 position-relative guide-list-item"
          >
            <h3
              class="mt-0 font-weight-bold guide-list-title"
            >
              Read the docs
            </h3>
            <div
              class="position-absolute guide-list-anchor"
            >
              <a
                class="px-3 py-0 rounded btn-bordered btn-smaller d-inline-flex align-items-center font-weight-bold btn btn-outline-primary"
                href="https://getshifter.io"
                rel="noopener"
                target="_blank"
              >
                Explore Shifter docs
              </a>
            </div>
          </div>
        </div>
        <div
          class="col-md-1"
        >
          <div
            class="pt-4 px-4 h-100 position-relative guide-list-item"
          >
            <h3
              class="mt-0 font-weight-bold guide-list-title"
            >
              Read the docs
            </h3>
            <div
              class="position-absolute guide-list-anchor"
            >
              <a
                class="px-3 py-0 rounded btn-bordered btn-smaller d-inline-flex align-items-center font-weight-bold btn btn-outline-primary"
                href="https://getshifter.io"
                rel="noopener"
                target="_blank"
              >
                Explore Shifter docs
              </a>
            </div>
          </div>
        </div>
        <div
          class="col-md-1"
        >
          <div
            class="pt-4 px-4 h-100 position-relative guide-list-item"
          >
            <h3
              class="mt-0 font-weight-bold guide-list-title"
            >
              Read the docs
            </h3>
            <div
              class="position-absolute guide-list-anchor"
            >
              <a
                class="px-3 py-0 rounded btn-bordered btn-smaller d-inline-flex align-items-center font-weight-bold btn btn-outline-primary"
                href="https://getshifter.io"
                rel="noopener"
                target="_blank"
              >
                Explore Shifter docs
              </a>
            </div>
          </div>
        </div>
        <div
          class="col-md-1"
        >
          <div
            class="pt-4 px-4 h-100 position-relative guide-list-item"
          >
            <h3
              class="mt-0 font-weight-bold guide-list-title"
            >
              Read the docs
            </h3>
            <div
              class="position-absolute guide-list-anchor"
            >
              <a
                class="px-3 py-0 rounded btn-bordered btn-smaller d-inline-flex align-items-center font-weight-bold btn btn-outline-primary"
                href="https://getshifter.io"
                rel="noopener"
                target="_blank"
              >
                Explore Shifter docs
              </a>
            </div>
          </div>
        </div>
        <div
          class="col-md-1"
        >
          <div
            class="pt-4 px-4 h-100 position-relative guide-list-item"
          >
            <h3
              class="mt-0 font-weight-bold guide-list-title"
            >
              Read the docs
            </h3>
            <div
              class="position-absolute guide-list-anchor"
            >
              <a
                class="px-3 py-0 rounded btn-bordered btn-smaller d-inline-flex align-items-center font-weight-bold btn btn-outline-primary"
                href="https://getshifter.io"
                rel="noopener"
                target="_blank"
              >
                Explore Shifter docs
              </a>
            </div>
          </div>
        </div>
        <div
          class="col-md-1"
        >
          <div
            class="pt-4 px-4 h-100 position-relative guide-list-item"
          >
            <h3
              class="mt-0 font-weight-bold guide-list-title"
            >
              Read the docs
            </h3>
            <div
              class="position-absolute guide-list-anchor"
            >
              <a
                class="px-3 py-0 rounded btn-bordered btn-smaller d-inline-flex align-items-center font-weight-bold btn btn-outline-primary"
                href="https://getshifter.io"
                rel="noopener"
                target="_blank"
              >
                Explore Shifter docs
              </a>
            </div>
          </div>
        </div>
        <div
          class="col-md-1"
        >
          <div
            class="pt-4 px-4 h-100 position-relative guide-list-item"
          >
            <h3
              class="mt-0 font-weight-bold guide-list-title"
            >
              Read the docs
            </h3>
            <div
              class="position-absolute guide-list-anchor"
            >
              <a
                class="px-3 py-0 rounded btn-bordered btn-smaller d-inline-flex align-items-center font-weight-bold btn btn-outline-primary"
                href="https://getshifter.io"
                rel="noopener"
                target="_blank"
              >
                Explore Shifter docs
              </a>
            </div>
          </div>
        </div>
        <div
          class="col-md-1"
        >
          <div
            class="pt-4 px-4 h-100 position-relative guide-list-item"
          >
            <h3
              class="mt-0 font-weight-bold guide-list-title"
            >
              Read the docs
            </h3>
            <div
              class="position-absolute guide-list-anchor"
            >
              <a
                class="px-3 py-0 rounded btn-bordered btn-smaller d-inline-flex align-items-center font-weight-bold btn btn-outline-primary"
                href="https://getshifter.io"
                rel="noopener"
                target="_blank"
              >
                Explore Shifter docs
              </a>
            </div>
          </div>
        </div>
        <div
          class="col-md-1"
        >
          <div
            class="pt-4 px-4 h-100 position-relative guide-list-item"
          >
            <h3
              class="mt-0 font-weight-bold guide-list-title"
            >
              Read the docs
            </h3>
            <div
              class="position-absolute guide-list-anchor"
            >
              <a
                class="px-3 py-0 rounded btn-bordered btn-smaller d-inline-flex align-items-center font-weight-bold btn btn-outline-primary"
                href="https://getshifter.io"
                rel="noopener"
                target="_blank"
              >
                Explore Shifter docs
              </a>
            </div>
          </div>
        </div>
        <div
          class="col-md-1"
        >
          <div
            class="pt-4 px-4 h-100 position-relative guide-list-item"
          >
            <h3
              class="mt-0 font-weight-bold guide-list-title"
            >
              Read the docs
            </h3>
            <div
              class="position-absolute guide-list-anchor"
            >
              <a
                class="px-3 py-0 rounded btn-bordered btn-smaller d-inline-flex align-items-center font-weight-bold btn btn-outline-primary"
                href="https://getshifter.io"
                rel="noopener"
                target="_blank"
              >
                Explore Shifter docs
              </a>
            </div>
          </div>
        </div>
      </div>
    </div>
  </div>
</DocumentFragment>
`;

exports[`FeaturedCardColumn to match snapshot [column 13 | item 12] 1`] = `
<DocumentFragment>
  <div
    class="shifter-guides"
  >
    <div
      class="container-fluid mb-4 pb-4 px-0 guides-list guides-list-lg"
    >
      <div
        class="row"
      >
        <div
          class="col-md-1"
        >
          <div
            class="pt-4 px-4 h-100 position-relative guide-list-item"
          >
            <h3
              class="mt-0 font-weight-bold guide-list-title"
            >
              Read the docs
            </h3>
            <div
              class="position-absolute guide-list-anchor"
            >
              <a
                class="px-3 py-0 rounded btn-bordered btn-smaller d-inline-flex align-items-center font-weight-bold btn btn-outline-primary"
                href="https://getshifter.io"
                rel="noopener"
                target="_blank"
              >
                Explore Shifter docs
              </a>
            </div>
          </div>
        </div>
        <div
          class="col-md-1"
        >
          <div
            class="pt-4 px-4 h-100 position-relative guide-list-item"
          >
            <h3
              class="mt-0 font-weight-bold guide-list-title"
            >
              Read the docs
            </h3>
            <div
              class="position-absolute guide-list-anchor"
            >
              <a
                class="px-3 py-0 rounded btn-bordered btn-smaller d-inline-flex align-items-center font-weight-bold btn btn-outline-primary"
                href="https://getshifter.io"
                rel="noopener"
                target="_blank"
              >
                Explore Shifter docs
              </a>
            </div>
          </div>
        </div>
        <div
          class="col-md-1"
        >
          <div
            class="pt-4 px-4 h-100 position-relative guide-list-item"
          >
            <h3
              class="mt-0 font-weight-bold guide-list-title"
            >
              Read the docs
            </h3>
            <div
              class="position-absolute guide-list-anchor"
            >
              <a
                class="px-3 py-0 rounded btn-bordered btn-smaller d-inline-flex align-items-center font-weight-bold btn btn-outline-primary"
                href="https://getshifter.io"
                rel="noopener"
                target="_blank"
              >
                Explore Shifter docs
              </a>
            </div>
          </div>
        </div>
        <div
          class="col-md-1"
        >
          <div
            class="pt-4 px-4 h-100 position-relative guide-list-item"
          >
            <h3
              class="mt-0 font-weight-bold guide-list-title"
            >
              Read the docs
            </h3>
            <div
              class="position-absolute guide-list-anchor"
            >
              <a
                class="px-3 py-0 rounded btn-bordered btn-smaller d-inline-flex align-items-center font-weight-bold btn btn-outline-primary"
                href="https://getshifter.io"
                rel="noopener"
                target="_blank"
              >
                Explore Shifter docs
              </a>
            </div>
          </div>
        </div>
        <div
          class="col-md-1"
        >
          <div
            class="pt-4 px-4 h-100 position-relative guide-list-item"
          >
            <h3
              class="mt-0 font-weight-bold guide-list-title"
            >
              Read the docs
            </h3>
            <div
              class="position-absolute guide-list-anchor"
            >
              <a
                class="px-3 py-0 rounded btn-bordered btn-smaller d-inline-flex align-items-center font-weight-bold btn btn-outline-primary"
                href="https://getshifter.io"
                rel="noopener"
                target="_blank"
              >
                Explore Shifter docs
              </a>
            </div>
          </div>
        </div>
        <div
          class="col-md-1"
        >
          <div
            class="pt-4 px-4 h-100 position-relative guide-list-item"
          >
            <h3
              class="mt-0 font-weight-bold guide-list-title"
            >
              Read the docs
            </h3>
            <div
              class="position-absolute guide-list-anchor"
            >
              <a
                class="px-3 py-0 rounded btn-bordered btn-smaller d-inline-flex align-items-center font-weight-bold btn btn-outline-primary"
                href="https://getshifter.io"
                rel="noopener"
                target="_blank"
              >
                Explore Shifter docs
              </a>
            </div>
          </div>
        </div>
        <div
          class="col-md-1"
        >
          <div
            class="pt-4 px-4 h-100 position-relative guide-list-item"
          >
            <h3
              class="mt-0 font-weight-bold guide-list-title"
            >
              Read the docs
            </h3>
            <div
              class="position-absolute guide-list-anchor"
            >
              <a
                class="px-3 py-0 rounded btn-bordered btn-smaller d-inline-flex align-items-center font-weight-bold btn btn-outline-primary"
                href="https://getshifter.io"
                rel="noopener"
                target="_blank"
              >
                Explore Shifter docs
              </a>
            </div>
          </div>
        </div>
        <div
          class="col-md-1"
        >
          <div
            class="pt-4 px-4 h-100 position-relative guide-list-item"
          >
            <h3
              class="mt-0 font-weight-bold guide-list-title"
            >
              Read the docs
            </h3>
            <div
              class="position-absolute guide-list-anchor"
            >
              <a
                class="px-3 py-0 rounded btn-bordered btn-smaller d-inline-flex align-items-center font-weight-bold btn btn-outline-primary"
                href="https://getshifter.io"
                rel="noopener"
                target="_blank"
              >
                Explore Shifter docs
              </a>
            </div>
          </div>
        </div>
        <div
          class="col-md-1"
        >
          <div
            class="pt-4 px-4 h-100 position-relative guide-list-item"
          >
            <h3
              class="mt-0 font-weight-bold guide-list-title"
            >
              Read the docs
            </h3>
            <div
              class="position-absolute guide-list-anchor"
            >
              <a
                class="px-3 py-0 rounded btn-bordered btn-smaller d-inline-flex align-items-center font-weight-bold btn btn-outline-primary"
                href="https://getshifter.io"
                rel="noopener"
                target="_blank"
              >
                Explore Shifter docs
              </a>
            </div>
          </div>
        </div>
        <div
          class="col-md-1"
        >
          <div
            class="pt-4 px-4 h-100 position-relative guide-list-item"
          >
            <h3
              class="mt-0 font-weight-bold guide-list-title"
            >
              Read the docs
            </h3>
            <div
              class="position-absolute guide-list-anchor"
            >
              <a
                class="px-3 py-0 rounded btn-bordered btn-smaller d-inline-flex align-items-center font-weight-bold btn btn-outline-primary"
                href="https://getshifter.io"
                rel="noopener"
                target="_blank"
              >
                Explore Shifter docs
              </a>
            </div>
          </div>
        </div>
        <div
          class="col-md-1"
        >
          <div
            class="pt-4 px-4 h-100 position-relative guide-list-item"
          >
            <h3
              class="mt-0 font-weight-bold guide-list-title"
            >
              Read the docs
            </h3>
            <div
              class="position-absolute guide-list-anchor"
            >
              <a
                class="px-3 py-0 rounded btn-bordered btn-smaller d-inline-flex align-items-center font-weight-bold btn btn-outline-primary"
                href="https://getshifter.io"
                rel="noopener"
                target="_blank"
              >
                Explore Shifter docs
              </a>
            </div>
          </div>
        </div>
        <div
          class="col-md-1"
        >
          <div
            class="pt-4 px-4 h-100 position-relative guide-list-item"
          >
            <h3
              class="mt-0 font-weight-bold guide-list-title"
            >
              Read the docs
            </h3>
            <div
              class="position-absolute guide-list-anchor"
            >
              <a
                class="px-3 py-0 rounded btn-bordered btn-smaller d-inline-flex align-items-center font-weight-bold btn btn-outline-primary"
                href="https://getshifter.io"
                rel="noopener"
                target="_blank"
              >
                Explore Shifter docs
              </a>
            </div>
          </div>
        </div>
      </div>
    </div>
  </div>
</DocumentFragment>
`;

exports[`FeaturedCardColumn to match snapshot [column 100 | item 12] 1`] = `
<DocumentFragment>
  <div
    class="shifter-guides"
  >
    <div
      class="container-fluid mb-4 pb-4 px-0 guides-list guides-list-lg"
    >
      <div
        class="row"
      >
        <div
          class="col-md-1"
        >
          <div
            class="pt-4 px-4 h-100 position-relative guide-list-item"
          >
            <h3
              class="mt-0 font-weight-bold guide-list-title"
            >
              Read the docs
            </h3>
            <div
              class="position-absolute guide-list-anchor"
            >
              <a
                class="px-3 py-0 rounded btn-bordered btn-smaller d-inline-flex align-items-center font-weight-bold btn btn-outline-primary"
                href="https://getshifter.io"
                rel="noopener"
                target="_blank"
              >
                Explore Shifter docs
              </a>
            </div>
          </div>
        </div>
        <div
          class="col-md-1"
        >
          <div
            class="pt-4 px-4 h-100 position-relative guide-list-item"
          >
            <h3
              class="mt-0 font-weight-bold guide-list-title"
            >
              Read the docs
            </h3>
            <div
              class="position-absolute guide-list-anchor"
            >
              <a
                class="px-3 py-0 rounded btn-bordered btn-smaller d-inline-flex align-items-center font-weight-bold btn btn-outline-primary"
                href="https://getshifter.io"
                rel="noopener"
                target="_blank"
              >
                Explore Shifter docs
              </a>
            </div>
          </div>
        </div>
        <div
          class="col-md-1"
        >
          <div
            class="pt-4 px-4 h-100 position-relative guide-list-item"
          >
            <h3
              class="mt-0 font-weight-bold guide-list-title"
            >
              Read the docs
            </h3>
            <div
              class="position-absolute guide-list-anchor"
            >
              <a
                class="px-3 py-0 rounded btn-bordered btn-smaller d-inline-flex align-items-center font-weight-bold btn btn-outline-primary"
                href="https://getshifter.io"
                rel="noopener"
                target="_blank"
              >
                Explore Shifter docs
              </a>
            </div>
          </div>
        </div>
        <div
          class="col-md-1"
        >
          <div
            class="pt-4 px-4 h-100 position-relative guide-list-item"
          >
            <h3
              class="mt-0 font-weight-bold guide-list-title"
            >
              Read the docs
            </h3>
            <div
              class="position-absolute guide-list-anchor"
            >
              <a
                class="px-3 py-0 rounded btn-bordered btn-smaller d-inline-flex align-items-center font-weight-bold btn btn-outline-primary"
                href="https://getshifter.io"
                rel="noopener"
                target="_blank"
              >
                Explore Shifter docs
              </a>
            </div>
          </div>
        </div>
        <div
          class="col-md-1"
        >
          <div
            class="pt-4 px-4 h-100 position-relative guide-list-item"
          >
            <h3
              class="mt-0 font-weight-bold guide-list-title"
            >
              Read the docs
            </h3>
            <div
              class="position-absolute guide-list-anchor"
            >
              <a
                class="px-3 py-0 rounded btn-bordered btn-smaller d-inline-flex align-items-center font-weight-bold btn btn-outline-primary"
                href="https://getshifter.io"
                rel="noopener"
                target="_blank"
              >
                Explore Shifter docs
              </a>
            </div>
          </div>
        </div>
        <div
          class="col-md-1"
        >
          <div
            class="pt-4 px-4 h-100 position-relative guide-list-item"
          >
            <h3
              class="mt-0 font-weight-bold guide-list-title"
            >
              Read the docs
            </h3>
            <div
              class="position-absolute guide-list-anchor"
            >
              <a
                class="px-3 py-0 rounded btn-bordered btn-smaller d-inline-flex align-items-center font-weight-bold btn btn-outline-primary"
                href="https://getshifter.io"
                rel="noopener"
                target="_blank"
              >
                Explore Shifter docs
              </a>
            </div>
          </div>
        </div>
        <div
          class="col-md-1"
        >
          <div
            class="pt-4 px-4 h-100 position-relative guide-list-item"
          >
            <h3
              class="mt-0 font-weight-bold guide-list-title"
            >
              Read the docs
            </h3>
            <div
              class="position-absolute guide-list-anchor"
            >
              <a
                class="px-3 py-0 rounded btn-bordered btn-smaller d-inline-flex align-items-center font-weight-bold btn btn-outline-primary"
                href="https://getshifter.io"
                rel="noopener"
                target="_blank"
              >
                Explore Shifter docs
              </a>
            </div>
          </div>
        </div>
        <div
          class="col-md-1"
        >
          <div
            class="pt-4 px-4 h-100 position-relative guide-list-item"
          >
            <h3
              class="mt-0 font-weight-bold guide-list-title"
            >
              Read the docs
            </h3>
            <div
              class="position-absolute guide-list-anchor"
            >
              <a
                class="px-3 py-0 rounded btn-bordered btn-smaller d-inline-flex align-items-center font-weight-bold btn btn-outline-primary"
                href="https://getshifter.io"
                rel="noopener"
                target="_blank"
              >
                Explore Shifter docs
              </a>
            </div>
          </div>
        </div>
        <div
          class="col-md-1"
        >
          <div
            class="pt-4 px-4 h-100 position-relative guide-list-item"
          >
            <h3
              class="mt-0 font-weight-bold guide-list-title"
            >
              Read the docs
            </h3>
            <div
              class="position-absolute guide-list-anchor"
            >
              <a
                class="px-3 py-0 rounded btn-bordered btn-smaller d-inline-flex align-items-center font-weight-bold btn btn-outline-primary"
                href="https://getshifter.io"
                rel="noopener"
                target="_blank"
              >
                Explore Shifter docs
              </a>
            </div>
          </div>
        </div>
        <div
          class="col-md-1"
        >
          <div
            class="pt-4 px-4 h-100 position-relative guide-list-item"
          >
            <h3
              class="mt-0 font-weight-bold guide-list-title"
            >
              Read the docs
            </h3>
            <div
              class="position-absolute guide-list-anchor"
            >
              <a
                class="px-3 py-0 rounded btn-bordered btn-smaller d-inline-flex align-items-center font-weight-bold btn btn-outline-primary"
                href="https://getshifter.io"
                rel="noopener"
                target="_blank"
              >
                Explore Shifter docs
              </a>
            </div>
          </div>
        </div>
        <div
          class="col-md-1"
        >
          <div
            class="pt-4 px-4 h-100 position-relative guide-list-item"
          >
            <h3
              class="mt-0 font-weight-bold guide-list-title"
            >
              Read the docs
            </h3>
            <div
              class="position-absolute guide-list-anchor"
            >
              <a
                class="px-3 py-0 rounded btn-bordered btn-smaller d-inline-flex align-items-center font-weight-bold btn btn-outline-primary"
                href="https://getshifter.io"
                rel="noopener"
                target="_blank"
              >
                Explore Shifter docs
              </a>
            </div>
          </div>
        </div>
        <div
          class="col-md-1"
        >
          <div
            class="pt-4 px-4 h-100 position-relative guide-list-item"
          >
            <h3
              class="mt-0 font-weight-bold guide-list-title"
            >
              Read the docs
            </h3>
            <div
              class="position-absolute guide-list-anchor"
            >
              <a
                class="px-3 py-0 rounded btn-bordered btn-smaller d-inline-flex align-items-center font-weight-bold btn btn-outline-primary"
                href="https://getshifter.io"
                rel="noopener"
                target="_blank"
              >
                Explore Shifter docs
              </a>
            </div>
          </div>
        </div>
      </div>
    </div>
  </div>
</DocumentFragment>
`;
