// Jest Snapshot v1, https://goo.gl/fbAQLP

exports[`List to match snapshot(default) 1`] = `
<DocumentFragment>
  <div
    class="base-notification-box bg-white rounded"
  >
    <div
      class="notification d-flex flex-wrap px-3 py-4 rounded align-items-center justify-content-between"
    >
      <div
        class="notification-status"
      >
        test 
        <span
          class="c-toggle-switch-status active font-weight-bold"
        >
          on
        </span>
      </div>
      <div
        class="custom-control custom-switch c-toggle-switch"
      >
        <input
          checked=""
          class="custom-control-input"
          id="dummy-toggle"
          type="checkbox"
        />
        <label
          class="custom-control-label"
          for="dummy-toggle"
        >
          <span
            class="d-none"
          >
            dummy
          </span>
        </label>
      </div>
      <div
        class="mt-2 w-100"
      >
        <p
          class="mb-0 small"
        >
          Lorem ipsum dolor sit amet consectetur adipisicing, elit. Blanditiis vero beatae sed maxime, commodi doloremque tempore aliquid dolor quidem iste nihil facilis eveniet temporibus, earum repellat odio numquam voluptatem quo!
        </p>
      </div>
    </div>
    <div
      class="notification d-flex flex-wrap px-3 py-4 rounded align-items-center justify-content-between"
    >
      <div
        class="notification-status"
      >
        test 
      </div>
      <button
        class="btn-colored font-weight-bold btn-smaller btn btn-primary"
      >
        Button
      </button>
    </div>
    <div
      class="notification d-flex flex-wrap px-3 py-4 rounded align-items-center justify-content-between"
    >
      <div
        class="notification-status"
      >
        test 
      </div>
    </div>
    <div
      class="notification d-flex flex-wrap px-3 py-4 rounded align-items-center justify-content-between"
    >
      <div
        class="notification-status"
      >
        test 
        <span
          class="c-toggle-switch-status inactive font-weight-bold"
        >
          disabled
        </span>
      </div>
      <div
        class="mt-2 w-100"
      >
        <p>
          <b>
            Hello world
          </b>
        </p>
      </div>
    </div>
  </div>
</DocumentFragment>
`;
