// Jest Snapshot v1, https://goo.gl/fbAQLP

exports[`ListItem to match snapshot(default) 1`] = `
<DocumentFragment>
  <div
    class="base-notification-box bg-white rounded"
  >
    <div
      class="notification d-flex flex-wrap px-3 py-4 align-items-center justify-content-between"
    >
      <div
        class="notification-status"
      >
        Title 
      </div>
      children
    </div>
  </div>
</DocumentFragment>
`;
