// Jest Snapshot v1, https://goo.gl/fbAQLP

exports[`Avatar to match snapshot  1`] = `
<DocumentFragment>
  <img
    alt="Gravatar for emaildano@gmail.com"
    class="react-gravatar p-0  rounded-circle"
    height="32"
    src="//www.gravatar.com/avatar/77ea5053277016d84181992646105c5b?d=retro&r=g&s=32"
    srcset="//www.gravatar.com/avatar/77ea5053277016d84181992646105c5b?d=retro&r=g&s=64 2x"
    width="32"
  />
</DocumentFragment>
`;
