// Jest Snapshot v1, https://goo.gl/fbAQLP

exports[`ContentHeader to match snapshot [column %p | item %p] 1`] = `
<DocumentFragment>
  <div
    class="shifter-guides"
  >
    <h1
      class="guide-heading-1 font-weight-bold"
    >
      Guides
    </h1>
    <div
      class="mt-4 container-fluid"
    >
      <div
        class="row"
      >
        <div
          class="col px-0"
        >
          <a
            class="d-block"
            href="#"
            rel="noopener"
            target="_blank"
          >
            <img
              alt="Introducing PHP Error Logs"
              class="img-fluid"
              height="180"
              src="/images/guide-banner.png"
              width="1134"
            />
          </a>
        </div>
      </div>
    </div>
  </div>
</DocumentFragment>
`;
